
Allocating common symbols
Common symbol       size              file

lora_tx_data        0x64              1c102_main.o
Read_length         0x1               1c102_main.o
Tx_Buffer1          0x8               IM1281B.o
uart_rec            0xa               init.o
nmi_caller          0x4               1c102_cmdline.o
exti_irq_handle     0x80              1c102_Interrupt.o
va                  0x4               1c102_main.o
STS                 0x1               ls1c102_i2c.o
Circular_queue_UART1
                    0x130             queue.o
myData              0x18              1c102_main.o
Rx_Buffer           0x28              IM1281B.o
Rx_Buffer1          0x28              IM1281B.o
Circular_queue      0x130             queue.o
uart_rec_len        0x1               init.o
USART1_RX_BUF       0xc8              IM1281B.o
USART1_TX_BUF       0xc8              IM1281B.o
sensor              0x4               1c102_main.o
_rand_next          0x4               ls1x_printf.o
Flash_pe            0x1               ls1x_flash.o
Read_Buffer         0x12c             1c102_main.o

Discarded input sections

 .text          0x0000000000000000       0x14 start.o
 .data          0x0000000000000000        0x0 start.o
 .bss           0x0000000000000000        0x0 start.o
 .data          0x0000000000000000        0x0 serial.o
 .bss           0x0000000000000000        0x0 serial.o
 .data          0x0000000000000000        0x0 wakeup.o
 .bss           0x0000000000000000        0x0 wakeup.o
 .text          0x0000000000000000        0x0 UserGpio.o
 .data          0x0000000000000000        0x0 UserGpio.o
 .bss           0x0000000000000000        0x0 UserGpio.o
 .eh_frame      0x0000000000000000       0x3c UserGpio.o
 .text          0x0000000000000000        0x0 init.o
 .data          0x0000000000000000        0x0 init.o
 .bss           0x0000000000000000        0x0 init.o
 .eh_frame      0x0000000000000000       0x3c init.o
 COMMON         0x0000000000000000        0xb init.o
 .text          0x0000000000000000        0x0 ls1x_gpio.o
 .data          0x0000000000000000        0x0 ls1x_gpio.o
 .bss           0x0000000000000000        0x0 ls1x_gpio.o
 .text.gpio_set_InputStatus
                0x0000000000000000      0x128 ls1x_gpio.o
 .eh_frame      0x0000000000000000      0x110 ls1x_gpio.o
 .text          0x0000000000000000        0x0 ls1x_spi.o
 .data          0x0000000000000000        0x0 ls1x_spi.o
 .bss           0x0000000000000000        0x0 ls1x_spi.o
 .rodata        0x0000000000000000       0x42 ls1x_spi.o
 .text.Spi_FreqDiv
                0x0000000000000000      0x140 ls1x_spi.o
 .text.Spi_Write_Read_N
                0x0000000000000000      0x124 ls1x_spi.o
 .text.Spiflash_Rdsr
                0x0000000000000000       0x4c ls1x_spi.o
 .text.Spiflash_Wait_Wip_Zero
                0x0000000000000000       0x38 ls1x_spi.o
 .text.Spiflash_Wren
                0x0000000000000000       0x4c ls1x_spi.o
 .text.Spiflash_Wrsr
                0x0000000000000000       0x5c ls1x_spi.o
 .text.Spiflash_Rdsr2
                0x0000000000000000       0x4c ls1x_spi.o
 .text.Spiflash_Rdsr3
                0x0000000000000000       0x4c ls1x_spi.o
 .text.Spiflash_Rdid
                0x0000000000000000       0x68 ls1x_spi.o
 .text.Spiflash_Sector_Erase
                0x0000000000000000       0x90 ls1x_spi.o
 .text.Spiflash_Block64k_Erase
                0x0000000000000000       0x90 ls1x_spi.o
 .text.Spiflash_Page_Program
                0x0000000000000000       0xa4 ls1x_spi.o
 .text.Spiflash_Read_Bytes
                0x0000000000000000       0x9c ls1x_spi.o
 .text.SPI_TransByte
                0x0000000000000000       0xe8 ls1x_spi.o
 .text.SpiFlashCsn0Enable
                0x0000000000000000       0x28 ls1x_spi.o
 .text.SpiFlashCsn0Disable
                0x0000000000000000       0x28 ls1x_spi.o
 .eh_frame      0x0000000000000000      0x320 ls1x_spi.o
 .text          0x0000000000000000        0x0 ls1x_printf.o
 .data          0x0000000000000000        0x0 ls1x_printf.o
 .bss           0x0000000000000000        0x0 ls1x_printf.o
 .rodata        0x0000000000000000        0x7 ls1x_printf.o
 .text.printBuf
                0x0000000000000000       0x78 ls1x_printf.o
 .text.myputchar2
                0x0000000000000000       0x84 ls1x_printf.o
 .text.mygetchar
                0x0000000000000000       0x38 ls1x_printf.o
 .text.printbase2
                0x0000000000000000      0x178 ls1x_printf.o
 .text.puts2    0x0000000000000000       0x88 ls1x_printf.o
 .text.myprintf2
                0x0000000000000000      0x414 ls1x_printf.o
 .rodata.myprintf2
                0x0000000000000000      0x150 ls1x_printf.o
 .text.rand     0x0000000000000000       0x5c ls1x_printf.o
 .eh_frame      0x0000000000000000      0x27c ls1x_printf.o
 COMMON         0x0000000000000000        0x4 ls1x_printf.o
 .text          0x0000000000000000        0x0 ls1x_uart.o
 .data          0x0000000000000000        0x0 ls1x_uart.o
 .bss           0x0000000000000000        0x0 ls1x_uart.o
 .text.Uart_init
                0x0000000000000000       0xa4 ls1x_uart.o
 .text.UART_GetITStatus
                0x0000000000000000       0x60 ls1x_uart.o
 .text.UART_ClearITPendingBit
                0x0000000000000000       0xa4 ls1x_uart.o
 .text.x_getchar
                0x0000000000000000       0x2c ls1x_uart.o
 .text.UartInit
                0x0000000000000000       0x6c ls1x_uart.o
 .text.Uart2_init
                0x0000000000000000       0xa0 ls1x_uart.o
 .text.Uart1_init_test
                0x0000000000000000       0x80 ls1x_uart.o
 .text.Uart2_send
                0x0000000000000000       0x3c ls1x_uart.o
 .eh_frame      0x0000000000000000      0x2a4 ls1x_uart.o
 .text          0x0000000000000000        0x0 ls1x_clock.o
 .data          0x0000000000000000        0x0 ls1x_clock.o
 .bss           0x0000000000000000        0x0 ls1x_clock.o
 .text.CLOCK_checkSelect
                0x0000000000000000       0xc0 ls1x_clock.o
 .text.CLOCK_GetFlagStatus
                0x0000000000000000       0x3c ls1x_clock.o
 .text.CLOCK_GetClocksFreq
                0x0000000000000000       0x6c ls1x_clock.o
 .eh_frame      0x0000000000000000      0x18c ls1x_clock.o
 .text          0x0000000000000000        0x0 ls1x_common.o
 .data          0x0000000000000000        0x0 ls1x_common.o
 .bss           0x0000000000000000        0x0 ls1x_common.o
 .text.IsGlobalIntOpen
                0x0000000000000000       0x38 ls1x_common.o
 .text.DisableExtInt
                0x0000000000000000       0x40 ls1x_common.o
 .text.EnableExtInt
                0x0000000000000000       0x3c ls1x_common.o
 .text.Set_soft_int
                0x0000000000000000       0x24 ls1x_common.o
 .text.Set_soft_stop
                0x0000000000000000       0x24 ls1x_common.o
 .text.Set_Timer_Init
                0x0000000000000000       0x30 ls1x_common.o
 .text.Wake_256sec_Set
                0x0000000000000000       0xa8 ls1x_common.o
 .eh_frame      0x0000000000000000      0x19c ls1x_common.o
 .text          0x0000000000000000        0x0 ls1x_pmu.o
 .data          0x0000000000000000        0x0 ls1x_pmu.o
 .bss           0x0000000000000000        0x0 ls1x_pmu.o
 .eh_frame      0x0000000000000000       0x58 ls1x_pmu.o
 .text          0x0000000000000000        0x0 ls1x_logo.o
 .data          0x0000000000000000        0x0 ls1x_logo.o
 .bss           0x0000000000000000        0x0 ls1x_logo.o
 .eh_frame      0x0000000000000000       0x3c ls1x_logo.o
 .text          0x0000000000000000        0x0 ls1x_latimer.o
 .data          0x0000000000000000        0x0 ls1x_latimer.o
 .bss           0x0000000000000000        0x0 ls1x_latimer.o
 .text.close_count
                0x0000000000000000       0x24 ls1x_latimer.o
 .text.delay_us
                0x0000000000000000       0x38 ls1x_latimer.o
 .text.delay_s  0x0000000000000000       0x3c ls1x_latimer.o
 .text.SetTime  0x0000000000000000       0x54 ls1x_latimer.o
 .text.CompareTime
                0x0000000000000000       0x50 ls1x_latimer.o
 .eh_frame      0x0000000000000000      0x19c ls1x_latimer.o
 .text          0x0000000000000000        0x0 ls1x_string.o
 .data          0x0000000000000000        0x0 ls1x_string.o
 .bss           0x0000000000000000        0x0 ls1x_string.o
 .text.memcmp   0x0000000000000000       0x88 ls1x_string.o
 .text.memcpy   0x0000000000000000       0x70 ls1x_string.o
 .text.strstr   0x0000000000000000       0xe0 ls1x_string.o
 .text.pstrstr  0x0000000000000000       0xc8 ls1x_string.o
 .text.strchr   0x0000000000000000       0x80 ls1x_string.o
 .text.atoi     0x0000000000000000       0xe4 ls1x_string.o
 .text.itoa     0x0000000000000000      0x17c ls1x_string.o
 .text.strcat   0x0000000000000000       0xa0 ls1x_string.o
 .text.strcmp   0x0000000000000000       0x84 ls1x_string.o
 .text.isContained
                0x0000000000000000       0x78 ls1x_string.o
 .text.strtok_r
                0x0000000000000000      0x1d4 ls1x_string.o
 .text.str_to_hex
                0x0000000000000000       0xf4 ls1x_string.o
 .text.atohex   0x0000000000000000      0x164 ls1x_string.o
 .eh_frame      0x0000000000000000      0x27c ls1x_string.o
 .text          0x0000000000000000        0x0 ls1x_flash.o
 .data          0x0000000000000000        0x0 ls1x_flash.o
 .bss           0x0000000000000000        0x0 ls1x_flash.o
 .text.FLASH_ErasePage
                0x0000000000000000       0x50 ls1x_flash.o
 .text.FLASH_EraseUserFlash
                0x0000000000000000       0x9c ls1x_flash.o
 .text.FLASH_ReadPage
                0x0000000000000000       0xa4 ls1x_flash.o
 .text.FLASH_WitePage
                0x0000000000000000      0x48c ls1x_flash.o
 .text.ls1c_flash_write2
                0x0000000000000000      0x17c ls1x_flash.o
 .text.ls1c_flash_write_data
                0x0000000000000000      0x144 ls1x_flash.o
 .text.FLASH_WaitForPeEnd
                0x0000000000000000       0x80 ls1x_flash.o
 .text.FLASH_GetStatus
                0x0000000000000000       0x34 ls1x_flash.o
 .text.FLASH_GetFlagStatus
                0x0000000000000000       0x4c ls1x_flash.o
 .text.FLASH_ITConfig
                0x0000000000000000       0x64 ls1x_flash.o
 .text.FLASH_ITCmd
                0x0000000000000000       0x68 ls1x_flash.o
 .text.FLASH_ClearIT
                0x0000000000000000       0x50 ls1x_flash.o
 .text.FLASH_WiteTest
                0x0000000000000000       0xa4 ls1x_flash.o
 .rodata        0x0000000000000000        0xa ls1x_flash.o
 .text.FLASH_ReadTest
                0x0000000000000000       0xc0 ls1x_flash.o
 .comment       0x0000000000000000       0x12 ls1x_flash.o
 .eh_frame      0x0000000000000000      0x21c ls1x_flash.o
 COMMON         0x0000000000000000        0x1 ls1x_flash.o
 .text          0x0000000000000000        0x0 ls1x_rtc.o
 .data          0x0000000000000000        0x0 ls1x_rtc.o
 .bss           0x0000000000000000        0x0 ls1x_rtc.o
 .text.Rtc_Read
                0x0000000000000000       0xec ls1x_rtc.o
 .text.Rtc_Write
                0x0000000000000000      0x16c ls1x_rtc.o
 .text.RtcUpdateData
                0x0000000000000000       0x4c ls1x_rtc.o
 .comment       0x0000000000000000       0x12 ls1x_rtc.o
 .eh_frame      0x0000000000000000       0x80 ls1x_rtc.o
 .text          0x0000000000000000        0x0 ls1x_exti.o
 .data          0x0000000000000000        0x0 ls1x_exti.o
 .bss           0x0000000000000000        0x0 ls1x_exti.o
 .text.EXTI_DeInit
                0x0000000000000000       0x40 ls1x_exti.o
 .text.EXTI_Init
                0x0000000000000000      0x188 ls1x_exti.o
 .text.EXTI_StructInit
                0x0000000000000000       0x44 ls1x_exti.o
 .text.EXTI_GetFlagStatus
                0x0000000000000000       0x50 ls1x_exti.o
 .text.EXTI_ClearFlag
                0x0000000000000000       0x3c ls1x_exti.o
 .text.EXTI_GetITStatus
                0x0000000000000000       0x70 ls1x_exti.o
 .eh_frame      0x0000000000000000       0xfc ls1x_exti.o
 .text          0x0000000000000000        0x0 ls1x_wdg.o
 .data          0x0000000000000000        0x0 ls1x_wdg.o
 .bss           0x0000000000000000        0x0 ls1x_wdg.o
 .eh_frame      0x0000000000000000       0xa4 ls1x_wdg.o
 .text          0x0000000000000000        0x0 ls1c102_i2c.o
 .data          0x0000000000000000        0x0 ls1c102_i2c.o
 .bss           0x0000000000000000        0x0 ls1c102_i2c.o
 .text.I2C_delay_my
                0x0000000000000000       0x3c ls1c102_i2c.o
 .text.I2C_Init
                0x0000000000000000      0x104 ls1c102_i2c.o
 .text.I2C_StructInit
                0x0000000000000000       0x5c ls1c102_i2c.o
 .text.I2C_ITConfig
                0x0000000000000000       0x6c ls1c102_i2c.o
 .text.I2C_ITCmd
                0x0000000000000000       0x90 ls1c102_i2c.o
 .text.I2C_GenerateSTART
                0x0000000000000000       0x7c ls1c102_i2c.o
 .text.I2C_GenerateSTOP
                0x0000000000000000       0x7c ls1c102_i2c.o
 .text.I2C_AcknowledgeConfig
                0x0000000000000000       0x6c ls1c102_i2c.o
 .text.I2C_SendData
                0x0000000000000000       0x50 ls1c102_i2c.o
 .text.I2C_ReceiveData
                0x0000000000000000       0x60 ls1c102_i2c.o
 .rodata        0x0000000000000000       0xaf ls1c102_i2c.o
 .text.I2C_Send7bitAddress
                0x0000000000000000       0xac ls1c102_i2c.o
 .text.I2C_ReadRegister
                0x0000000000000000       0x50 ls1c102_i2c.o
 .text.I2C_ClearFlag
                0x0000000000000000       0x48 ls1c102_i2c.o
 .text.I2C_GetStatus
                0x0000000000000000       0x5c ls1c102_i2c.o
 .text.I2C_ClearIT
                0x0000000000000000       0x50 ls1c102_i2c.o
 .text.I2C_wait
                0x0000000000000000       0x48 ls1c102_i2c.o
 .text.I2C_BUSY
                0x0000000000000000       0x48 ls1c102_i2c.o
 .text.I2C_Unlock
                0x0000000000000000       0x54 ls1c102_i2c.o
 .text.CAT24_Write
                0x0000000000000000      0x15c ls1c102_i2c.o
 .text.CAT24_Read
                0x0000000000000000      0x160 ls1c102_i2c.o
 .text.CAT24_Write_Int
                0x0000000000000000      0x140 ls1c102_i2c.o
 .text.CAT24_Read_Int
                0x0000000000000000      0x16c ls1c102_i2c.o
 .comment       0x0000000000000000       0x12 ls1c102_i2c.o
 .eh_frame      0x0000000000000000      0x338 ls1c102_i2c.o
 COMMON         0x0000000000000000        0x1 ls1c102_i2c.o
 .text          0x0000000000000000        0x0 ls1c102_vpwm.o
 .data          0x0000000000000000        0x0 ls1c102_vpwm.o
 .bss           0x0000000000000000        0x0 ls1c102_vpwm.o
 .comment       0x0000000000000000       0x12 ls1c102_vpwm.o
 .text          0x0000000000000000        0x0 ls1c102_adc.o
 .data          0x0000000000000000        0x0 ls1c102_adc.o
 .bss           0x0000000000000000        0x0 ls1c102_adc.o
 .text.Adc_powerOn
                0x0000000000000000       0x54 ls1c102_adc.o
 .text.Adc_powerOff
                0x0000000000000000       0x50 ls1c102_adc.o
 .text.Adc_open
                0x0000000000000000       0xb0 ls1c102_adc.o
 .text.Adc_close
                0x0000000000000000       0xe4 ls1c102_adc.o
 .text.Adc_openGroup
                0x0000000000000000       0xa0 ls1c102_adc.o
 .text.Adc_closeGroup
                0x0000000000000000       0xd4 ls1c102_adc.o
 .text.Adc_singleMeasure
                0x0000000000000000       0x90 ls1c102_adc.o
 .text.Adc_Measure
                0x0000000000000000       0xdc ls1c102_adc.o
 .text.Adc_getVoltage
                0x0000000000000000       0x68 ls1c102_adc.o
 .comment       0x0000000000000000       0x12 ls1c102_adc.o
 .eh_frame      0x0000000000000000      0x170 ls1c102_adc.o
 .text          0x0000000000000000        0x0 ls1c102_touch.o
 .data          0x0000000000000000        0x0 ls1c102_touch.o
 .bss           0x0000000000000000        0x0 ls1c102_touch.o
 .text.Touch_CountBaseInit
                0x0000000000000000       0x90 ls1c102_touch.o
 .text.Touch_PerformInit
                0x0000000000000000       0x88 ls1c102_touch.o
 .text.Touch_ControlConfig
                0x0000000000000000       0xc8 ls1c102_touch.o
 .text.TOUCH_Cmd
                0x0000000000000000       0x68 ls1c102_touch.o
 .text.TOUCH_EnablePollScan
                0x0000000000000000       0x30 ls1c102_touch.o
 .text.TOUCH_disablePollScan
                0x0000000000000000       0x34 ls1c102_touch.o
 .text.TOUCH_EnableSingleScan
                0x0000000000000000       0x30 ls1c102_touch.o
 .text.TOUCH_GetDownTh
                0x0000000000000000       0x48 ls1c102_touch.o
 .text.TOUCH_SetDownTh
                0x0000000000000000       0x7c ls1c102_touch.o
 .text.TOUCH_SetBaseVal
                0x0000000000000000       0x7c ls1c102_touch.o
 .text.TOUCH_SetChnAttr
                0x0000000000000000       0x7c ls1c102_touch.o
 .text.TOUCH_SetAllChnAttr
                0x0000000000000000       0x64 ls1c102_touch.o
 .text.TOUCH_SetAllChnAttr2
                0x0000000000000000       0x90 ls1c102_touch.o
 .text.TOUCH_Init
                0x0000000000000000       0xfc ls1c102_touch.o
 .eh_frame      0x0000000000000000      0x2bc ls1c102_touch.o
 .text          0x0000000000000000        0x0 ls1c102_ptimer.o
 .data          0x0000000000000000        0x0 ls1c102_ptimer.o
 .bss           0x0000000000000000        0x0 ls1c102_ptimer.o
 .text.TIM_Init
                0x0000000000000000       0xd8 ls1c102_ptimer.o
 .text.TIM_StructInit
                0x0000000000000000       0x7c ls1c102_ptimer.o
 .text.TIM_Cmd  0x0000000000000000       0x54 ls1c102_ptimer.o
 .text.TIM_ITConfig
                0x0000000000000000       0x90 ls1c102_ptimer.o
 .text.TIM_GetCounter
                0x0000000000000000       0x34 ls1c102_ptimer.o
 .text.TIM_SetCounter
                0x0000000000000000       0x30 ls1c102_ptimer.o
 .text.TIM_SetCompare
                0x0000000000000000       0x30 ls1c102_ptimer.o
 .text.TIM_GetCompare
                0x0000000000000000       0x34 ls1c102_ptimer.o
 .eh_frame      0x0000000000000000      0x168 ls1c102_ptimer.o
 .text          0x0000000000000000        0x0 1c102_cmdline.o
 .data          0x0000000000000000        0x0 1c102_cmdline.o
 .bss           0x0000000000000000        0x0 1c102_cmdline.o
 .rodata        0x0000000000000000      0x3a8 1c102_cmdline.o
 .data.cmd      0x0000000000000000      0x1f0 1c102_cmdline.o
 .text.do_exit  0x0000000000000000       0x28 1c102_cmdline.o
 .text.do_help  0x0000000000000000      0x208 1c102_cmdline.o
 .text.cmdline  0x0000000000000000      0xdbc 1c102_cmdline.o
 .comment       0x0000000000000000       0x12 1c102_cmdline.o
 .eh_frame      0x0000000000000000       0x84 1c102_cmdline.o
 COMMON         0x0000000000000000        0x4 1c102_cmdline.o
 .text          0x0000000000000000        0x0 1c102_cmd.o
 .data          0x0000000000000000        0x0 1c102_cmd.o
 .bss           0x0000000000000000        0x0 1c102_cmd.o
 .text.do_nothing
                0x0000000000000000       0x20 1c102_cmd.o
 .rodata        0x0000000000000000      0x875 1c102_cmd.o
 .text.do_d1    0x0000000000000000      0x114 1c102_cmd.o
 .text.do_d4    0x0000000000000000      0x120 1c102_cmd.o
 .text.do_m1    0x0000000000000000       0x90 1c102_cmd.o
 .text.do_m4    0x0000000000000000       0x8c 1c102_cmd.o
 .text.str2num  0x0000000000000000      0x214 1c102_cmd.o
 .text.v_play   0x0000000000000000       0x68 1c102_cmd.o
 .text.touch_reg_show
                0x0000000000000000      0x100 1c102_cmd.o
 .text.touch_value_show
                0x0000000000000000       0xd4 1c102_cmd.o
 .text.touch_test
                0x0000000000000000      0x274 1c102_cmd.o
 .text.hpet     0x0000000000000000      0x100 1c102_cmd.o
 .text.latimer  0x0000000000000000       0x94 1c102_cmd.o
 .text.delay    0x0000000000000000      0x104 1c102_cmd.o
 .text.wakeup   0x0000000000000000       0x90 1c102_cmd.o
 .text.a_to_n   0x0000000000000000       0x60 1c102_cmd.o
 .text.date     0x0000000000000000      0x48c 1c102_cmd.o
 .text.watch_dog
                0x0000000000000000       0x84 1c102_cmd.o
 .text.i2cp     0x0000000000000000       0x4c 1c102_cmd.o
 .text.i2cw     0x0000000000000000      0x10c 1c102_cmd.o
 .text.i2cr     0x0000000000000000       0xe0 1c102_cmd.o
 .text.adc      0x0000000000000000      0x1a4 1c102_cmd.o
 .text.batdet   0x0000000000000000      0x170 1c102_cmd.o
 .text.copy     0x0000000000000000      0x190 1c102_cmd.o
 .text.uart_init
                0x0000000000000000       0xac 1c102_cmd.o
 .text.sleep    0x0000000000000000       0xa4 1c102_cmd.o
 .text.spi_init
                0x0000000000000000       0x68 1c102_cmd.o
 .text.spi_write
                0x0000000000000000      0x134 1c102_cmd.o
 .text.spi_read
                0x0000000000000000      0x174 1c102_cmd.o
 .text.spi_erase
                0x0000000000000000       0x90 1c102_cmd.o
 .text.spi_flash
                0x0000000000000000      0x258 1c102_cmd.o
 .text.gpio_int_test
                0x0000000000000000       0x9c 1c102_cmd.o
 .text.gpio_int
                0x0000000000000000       0x34 1c102_cmd.o
 .text.tmp      0x0000000000000000       0x50 1c102_cmd.o
 .text.m4_flash
                0x0000000000000000       0xb4 1c102_cmd.o
 .text.copy_iram
                0x0000000000000000      0x138 1c102_cmd.o
 .comment       0x0000000000000000       0x12 1c102_cmd.o
 .eh_frame      0x0000000000000000      0x57c 1c102_cmd.o
 .text          0x0000000000000000        0x0 1c102_Interrupt.o
 .data          0x0000000000000000        0x0 1c102_Interrupt.o
 .bss           0x0000000000000000        0x0 1c102_Interrupt.o
 .text.SOFT_INT
                0x0000000000000000       0x34 1c102_Interrupt.o
 .text.TIMER_8M_INT
                0x0000000000000000       0x44 1c102_Interrupt.o
 .text.INTC     0x0000000000000000       0x1c 1c102_Interrupt.o
 .text.RING     0x0000000000000000       0x1c 1c102_Interrupt.o
 .eh_frame      0x0000000000000000      0x624 1c102_Interrupt.o
 COMMON         0x0000000000000000       0x80 1c102_Interrupt.o
 .text          0x0000000000000000        0x0 1c102_main.o
 .data          0x0000000000000000        0x0 1c102_main.o
 .bss           0x0000000000000000        0x0 1c102_main.o
 .eh_frame      0x0000000000000000       0x34 1c102_main.o
 .text          0x0000000000000000        0x0 oled.o
 .data          0x0000000000000000        0x0 oled.o
 .bss           0x0000000000000000        0x0 oled.o
 .rodata.Chi_Cha_Font_16x16
                0x0000000000000000       0x80 oled.o
 .text.OLED_Display_On
                0x0000000000000000       0x48 oled.o
 .text.OLED_Display_Off
                0x0000000000000000       0x48 oled.o
 .text.OLED_FULL
                0x0000000000000000       0x9c oled.o
 .text.OLED_Set_Pixel
                0x0000000000000000       0x68 oled.o
 .text.GUI_DrawPoint
                0x0000000000000000       0x60 oled.o
 .text.OLED_ShowCHinese
                0x0000000000000000      0x144 oled.o
 .eh_frame      0x0000000000000000      0x284 oled.o
 .text          0x0000000000000000        0x0 queue.o
 .data          0x0000000000000000        0x0 queue.o
 .bss           0x0000000000000000        0x0 queue.o
 .text.Queue_isFull
                0x0000000000000000       0x64 queue.o
 .eh_frame      0x0000000000000000      0x114 queue.o
 .text          0x0000000000000000        0x0 uart0.o
 .data          0x0000000000000000        0x0 uart0.o
 .bss           0x0000000000000000        0x0 uart0.o
 .eh_frame      0x0000000000000000       0xb0 uart0.o
 .text          0x0000000000000000        0x0 IM1281B.o
 .data          0x0000000000000000        0x0 IM1281B.o
 .bss           0x0000000000000000        0x0 IM1281B.o
 .eh_frame      0x0000000000000000       0xd4 IM1281B.o
 .text          0x0000000000000000        0x0 SR501.o
 .data          0x0000000000000000        0x0 SR501.o
 .bss           0x0000000000000000        0x0 SR501.o
 .eh_frame      0x0000000000000000       0x5c SR501.o
 .text          0x0000000000000000        0x0 lora.o
 .data          0x0000000000000000        0x0 lora.o
 .bss           0x0000000000000000        0x0 lora.o
 .eh_frame      0x0000000000000000      0x140 lora.o

Memory Configuration

Name             Origin             Length             Attributes
flash            0x000000001c000000 0x0000000000020000 xr
IRAM             0x0000000080000000 0x0000000000001000 rw
DRAM             0x0000000080001000 0x0000000000001000 rw
*default*        0x0000000000000000 0xffffffffffffffff

Linker script and memory map


.text           0x000000001c000000     0x6ffc
                0x000000001c000000                . = ALIGN (0x4)
 *(.text .text.*)
 .text._start   0x000000001c000000     0x1128 start.o
                0x000000001c000000                _start
                0x000000001c0000ac                cpu_wait
                0x000000001c000800                m4_flash_4k
 .text          0x000000001c001128       0xbc serial.o
                0x000000001c001128                serial_out
                0x000000001c001144                outputaddr
                0x000000001c0011a4                outputstring
 .text          0x000000001c0011e4      0x148 wakeup.o
                0x000000001c0011e4                cpu_sleep
                0x000000001c00128c                wakeup_reset
 .text.GPIOInit
                0x000000001c00132c       0x98 UserGpio.o
                0x000000001c00132c                GPIOInit
 .text.bsp_init
                0x000000001c0013c4      0x108 init.o
                0x000000001c0013c4                bsp_init
 .text.AFIO_RemapConfig
                0x000000001c0014cc       0xcc ls1x_gpio.o
                0x000000001c0014cc                AFIO_RemapConfig
 .text.GPIO_Init
                0x000000001c001598       0x68 ls1x_gpio.o
                0x000000001c001598                GPIO_Init
 .text.gpio_get_pin
                0x000000001c001600       0x50 ls1x_gpio.o
                0x000000001c001600                gpio_get_pin
 .text.gpio_write_pin
                0x000000001c001650       0x78 ls1x_gpio.o
                0x000000001c001650                gpio_write_pin
 .text.gpio_pin_remap
                0x000000001c0016c8      0x20c ls1x_gpio.o
                0x000000001c0016c8                gpio_pin_remap
 .text.gpio_set_direction
                0x000000001c0018d4      0x128 ls1x_gpio.o
                0x000000001c0018d4                gpio_set_direction
 .text.Spi_Init
                0x000000001c0019fc       0x70 ls1x_spi.o
                0x000000001c0019fc                Spi_Init
 .text.Spi_Write_Read_1to4
                0x000000001c001a6c       0xf0 ls1x_spi.o
                0x000000001c001a6c                Spi_Write_Read_1to4
 .text.Spi_Cs_Down
                0x000000001c001b5c       0x58 ls1x_spi.o
                0x000000001c001b5c                Spi_Cs_Down
 .text.Spi_Cs_Up
                0x000000001c001bb4       0x54 ls1x_spi.o
                0x000000001c001bb4                Spi_Cs_Up
 .text.Spi_Send
                0x000000001c001c08       0x40 ls1x_spi.o
                0x000000001c001c08                Spi_Send
 .text.myputchar
                0x000000001c001c48       0x3c ls1x_printf.o
                0x000000001c001c48                myputchar
 .text.printbase
                0x000000001c001c84      0x160 ls1x_printf.o
                0x000000001c001c84                printbase
 .text.puts     0x000000001c001de4       0x70 ls1x_printf.o
                0x000000001c001de4                puts
 .text.myprintf
                0x000000001c001e54      0x3a4 ls1x_printf.o
                0x000000001c001e54                myprintf
 .text.vsputs   0x000000001c0021f8       0x54 ls1x_printf.o
                0x000000001c0021f8                vsputs
 .text.vsputchar
                0x000000001c00224c       0x44 ls1x_printf.o
                0x000000001c00224c                vsputchar
 .text.vsprintbase
                0x000000001c002290      0x17c ls1x_printf.o
                0x000000001c002290                vsprintbase
 .text.vsprintf
                0x000000001c00240c      0x3d8 ls1x_printf.o
                0x000000001c00240c                vsprintf
 .text.sprintf  0x000000001c0027e4       0x6c ls1x_printf.o
                0x000000001c0027e4                sprintf
 .text.UART_Init
                0x000000001c002850      0x2fc ls1x_uart.o
                0x000000001c002850                UART_Init
 .text.UART_StructInit
                0x000000001c002b4c       0x7c ls1x_uart.o
                0x000000001c002b4c                UART_StructInit
 .text.UART_ITConfig
                0x000000001c002bc8       0x88 ls1x_uart.o
                0x000000001c002bc8                UART_ITConfig
 .text.UART_SendData
                0x000000001c002c50       0x4c ls1x_uart.o
                0x000000001c002c50                UART_SendData
 .text.UART_ReceiveData
                0x000000001c002c9c       0x4c ls1x_uart.o
                0x000000001c002c9c                UART_ReceiveData
 .text.UART_GetFlagStatus
                0x000000001c002ce8       0x64 ls1x_uart.o
                0x000000001c002ce8                UART_GetFlagStatus
 .text.Uart0_init
                0x000000001c002d4c       0xd0 ls1x_uart.o
                0x000000001c002d4c                Uart0_init
 .text.Uart1_init
                0x000000001c002e1c       0xc4 ls1x_uart.o
                0x000000001c002e1c                Uart1_init
 .text.Uart0_send
                0x000000001c002ee0       0x3c ls1x_uart.o
                0x000000001c002ee0                Uart0_send
 .text.Uart1_send
                0x000000001c002f1c       0x3c ls1x_uart.o
                0x000000001c002f1c                Uart1_send
 .text.CLOCK_WaitForHSEStartUp
                0x000000001c002f58       0x9c ls1x_clock.o
                0x000000001c002f58                CLOCK_WaitForHSEStartUp
 .text.CLOCK_WaitForLSEStartUp
                0x000000001c002ff4       0xe4 ls1x_clock.o
                0x000000001c002ff4                CLOCK_WaitForLSEStartUp
 .text.CLOCK_HSEConfig
                0x000000001c0030d8       0xb4 ls1x_clock.o
                0x000000001c0030d8                CLOCK_HSEConfig
 .text.CLOCK_LSEConfig
                0x000000001c00318c       0x68 ls1x_clock.o
                0x000000001c00318c                CLOCK_LSEConfig
 .text.CLOCK_StructInit
                0x000000001c0031f4       0x64 ls1x_clock.o
                0x000000001c0031f4                CLOCK_StructInit
 .text.CLOCK_Init
                0x000000001c003258      0x23c ls1x_clock.o
                0x000000001c003258                CLOCK_Init
 .text.SystemClockInit
                0x000000001c003494       0x9c ls1x_clock.o
                0x000000001c003494                SystemClockInit
 .text.DisableInt
                0x000000001c003530       0x24 ls1x_common.o
                0x000000001c003530                DisableInt
 .text.EnableInt
                0x000000001c003554       0x24 ls1x_common.o
                0x000000001c003554                EnableInt
 .text.Set_Timer_stop
                0x000000001c003578       0x20 ls1x_common.o
                0x000000001c003578                Set_Timer_stop
 .text.Set_Timer_clear
                0x000000001c003598       0x24 ls1x_common.o
                0x000000001c003598                Set_Timer_clear
 .text.Wake_Set
                0x000000001c0035bc       0xac ls1x_common.o
                0x000000001c0035bc                Wake_Set
 .text.PMU_GetRstRrc
                0x000000001c003668       0x6c ls1x_pmu.o
                0x000000001c003668                PMU_GetRstRrc
 .text.PMU_GetBootSpiStatus
                0x000000001c0036d4       0x50 ls1x_pmu.o
                0x000000001c0036d4                PMU_GetBootSpiStatus
 .text.ls1x_logo
                0x000000001c003724       0x9c ls1x_logo.o
                0x000000001c003724                ls1x_logo
 .text.get_count
                0x000000001c0037c0       0x2c ls1x_latimer.o
                0x000000001c0037c0                get_count
 .text.open_count
                0x000000001c0037ec       0x24 ls1x_latimer.o
                0x000000001c0037ec                open_count
 .text.start_count
                0x000000001c003810       0x48 ls1x_latimer.o
                0x000000001c003810                start_count
 .text.stop_count
                0x000000001c003858       0x88 ls1x_latimer.o
                0x000000001c003858                stop_count
 .text.delay_cycle
                0x000000001c0038e0       0x60 ls1x_latimer.o
                0x000000001c0038e0                delay_cycle
 .text.delay_ms
                0x000000001c003940       0x40 ls1x_latimer.o
                0x000000001c003940                delay_ms
 .text.memset   0x000000001c003980       0x60 ls1x_string.o
                0x000000001c003980                memset
 .text.strncmp  0x000000001c0039e0       0xa0 ls1x_string.o
                0x000000001c0039e0                strncmp
 .text.strcpy   0x000000001c003a80       0x5c ls1x_string.o
                0x000000001c003a80                strcpy
 .text.strlen   0x000000001c003adc       0x4c ls1x_string.o
                0x000000001c003adc                strlen
 .text.EXTI_ClearITPendingBit
                0x000000001c003b28       0x3c ls1x_exti.o
                0x000000001c003b28                EXTI_ClearITPendingBit
 .text.WDG_getOddValue
                0x000000001c003b64       0x88 ls1x_wdg.o
 .text.WDG_SetWatchDog
                0x000000001c003bec       0x8c ls1x_wdg.o
                0x000000001c003bec                WDG_SetWatchDog
 .text.WDG_DogFeed
                0x000000001c003c78       0x2c ls1x_wdg.o
                0x000000001c003c78                WDG_DogFeed
 .text.WdgInit  0x000000001c003ca4       0x30 ls1x_wdg.o
                0x000000001c003ca4                WdgInit
 .text.TOUCH_GetBaseVal
                0x000000001c003cd4       0x4c ls1c102_touch.o
                0x000000001c003cd4                TOUCH_GetBaseVal
 .text.TOUCH_GetCountValue
                0x000000001c003d20       0x4c ls1c102_touch.o
                0x000000001c003d20                TOUCH_GetCountValue
 .text.Printf_KeyChannel
                0x000000001c003d6c       0x7c ls1c102_touch.o
                0x000000001c003d6c                Printf_KeyChannel
 .text.Printf_KeyType
                0x000000001c003de8       0x8c ls1c102_touch.o
                0x000000001c003de8                Printf_KeyType
 .text.Printf_KeyVal
                0x000000001c003e74      0x254 ls1c102_touch.o
                0x000000001c003e74                Printf_KeyVal
 .text.TIM_GetITStatus
                0x000000001c0040c8       0x4c ls1c102_ptimer.o
                0x000000001c0040c8                TIM_GetITStatus
 .text.TIM_ClearIT
                0x000000001c004114       0x5c ls1c102_ptimer.o
                0x000000001c004114                TIM_ClearIT
 .text.exti_gpioa0_irq_handler
                0x000000001c004170       0x4c 1c102_Interrupt.o
                0x000000001c004170                exti_gpioa0_irq_handler
 .text.exti_gpioa1_irq_handler
                0x000000001c0041bc       0x4c 1c102_Interrupt.o
                0x000000001c0041bc                exti_gpioa1_irq_handler
 .text.exti_gpioa2_irq_handler
                0x000000001c004208       0x4c 1c102_Interrupt.o
                0x000000001c004208                exti_gpioa2_irq_handler
 .text.exti_gpioa3_irq_handler
                0x000000001c004254       0x4c 1c102_Interrupt.o
                0x000000001c004254                exti_gpioa3_irq_handler
 .text.exti_gpioa4_irq_handler
                0x000000001c0042a0       0x4c 1c102_Interrupt.o
                0x000000001c0042a0                exti_gpioa4_irq_handler
 .text.exti_gpioa5_irq_handler
                0x000000001c0042ec       0x4c 1c102_Interrupt.o
                0x000000001c0042ec                exti_gpioa5_irq_handler
 .text.exti_gpioa6_irq_handler
                0x000000001c004338       0x4c 1c102_Interrupt.o
                0x000000001c004338                exti_gpioa6_irq_handler
 .text.exti_gpioa7_irq_handler
                0x000000001c004384       0x4c 1c102_Interrupt.o
                0x000000001c004384                exti_gpioa7_irq_handler
 .text.exti_gpiob0_irq_handler
                0x000000001c0043d0       0x4c 1c102_Interrupt.o
                0x000000001c0043d0                exti_gpiob0_irq_handler
 .text.exti_gpiob1_irq_handler
                0x000000001c00441c       0x4c 1c102_Interrupt.o
                0x000000001c00441c                exti_gpiob1_irq_handler
 .text.exti_gpiob2_irq_handler
                0x000000001c004468       0x4c 1c102_Interrupt.o
                0x000000001c004468                exti_gpiob2_irq_handler
 .text.exti_gpiob3_irq_handler
                0x000000001c0044b4       0x4c 1c102_Interrupt.o
                0x000000001c0044b4                exti_gpiob3_irq_handler
 .text.exti_gpiob4_irq_handler
                0x000000001c004500       0x4c 1c102_Interrupt.o
                0x000000001c004500                exti_gpiob4_irq_handler
 .text.exti_gpiob5_irq_handler
                0x000000001c00454c       0x4c 1c102_Interrupt.o
                0x000000001c00454c                exti_gpiob5_irq_handler
 .text.exti_gpiob6_irq_handler
                0x000000001c004598       0x4c 1c102_Interrupt.o
                0x000000001c004598                exti_gpiob6_irq_handler
 .text.exti_gpiob7_irq_handler
                0x000000001c0045e4       0x4c 1c102_Interrupt.o
                0x000000001c0045e4                exti_gpiob7_irq_handler
 .text.exti_gpioc0_irq_handler
                0x000000001c004630       0x4c 1c102_Interrupt.o
                0x000000001c004630                exti_gpioc0_irq_handler
 .text.exti_gpioc1_irq_handler
                0x000000001c00467c       0x4c 1c102_Interrupt.o
                0x000000001c00467c                exti_gpioc1_irq_handler
 .text.exti_gpioc2_irq_handler
                0x000000001c0046c8       0x4c 1c102_Interrupt.o
                0x000000001c0046c8                exti_gpioc2_irq_handler
 .text.exti_gpioc3_irq_handler
                0x000000001c004714       0x4c 1c102_Interrupt.o
                0x000000001c004714                exti_gpioc3_irq_handler
 .text.exti_gpioc4_irq_handler
                0x000000001c004760       0x4c 1c102_Interrupt.o
                0x000000001c004760                exti_gpioc4_irq_handler
 .text.exti_gpioc5_irq_handler
                0x000000001c0047ac       0x4c 1c102_Interrupt.o
                0x000000001c0047ac                exti_gpioc5_irq_handler
 .text.exti_gpioc6_irq_handler
                0x000000001c0047f8       0x4c 1c102_Interrupt.o
                0x000000001c0047f8                exti_gpioc6_irq_handler
 .text.exti_gpioc7_irq_handler
                0x000000001c004844       0x4c 1c102_Interrupt.o
                0x000000001c004844                exti_gpioc7_irq_handler
 .text.exti_gpiod0_irq_handler
                0x000000001c004890       0x4c 1c102_Interrupt.o
                0x000000001c004890                exti_gpiod0_irq_handler
 .text.exti_gpiod1_irq_handler
                0x000000001c0048dc       0x4c 1c102_Interrupt.o
                0x000000001c0048dc                exti_gpiod1_irq_handler
 .text.exti_gpiod2_irq_handler
                0x000000001c004928       0x4c 1c102_Interrupt.o
                0x000000001c004928                exti_gpiod2_irq_handler
 .text.exti_gpiod3_irq_handler
                0x000000001c004974       0x4c 1c102_Interrupt.o
                0x000000001c004974                exti_gpiod3_irq_handler
 .text.exti_gpiod4_irq_handler
                0x000000001c0049c0       0x4c 1c102_Interrupt.o
                0x000000001c0049c0                exti_gpiod4_irq_handler
 .text.exti_gpiod5_irq_handler
                0x000000001c004a0c       0x4c 1c102_Interrupt.o
                0x000000001c004a0c                exti_gpiod5_irq_handler
 .text.exti_gpiod6_irq_handler
                0x000000001c004a58       0x4c 1c102_Interrupt.o
                0x000000001c004a58                exti_gpiod6_irq_handler
 .text.exti_gpiod7_irq_handler
                0x000000001c004aa4       0x4c 1c102_Interrupt.o
                0x000000001c004aa4                exti_gpiod7_irq_handler
 .text.ext_handler
                0x000000001c004af0       0xb8 1c102_Interrupt.o
                0x000000001c004af0                ext_handler
 .text.TIMER_WAKE_INT
                0x000000001c004ba8       0x50 1c102_Interrupt.o
                0x000000001c004ba8                TIMER_WAKE_INT
 .text.TOUCH    0x000000001c004bf8       0x94 1c102_Interrupt.o
                0x000000001c004bf8                TOUCH
 .text.UART2_INT
                0x000000001c004c8c       0x3c 1c102_Interrupt.o
                0x000000001c004c8c                UART2_INT
 .text.BAT_FAIL
                0x000000001c004cc8       0xd8 1c102_Interrupt.o
                0x000000001c004cc8                BAT_FAIL
 .text.intc_handler
                0x000000001c004da0      0x1c0 1c102_Interrupt.o
                0x000000001c004da0                intc_handler
 .text.TIMER_HANDLER
                0x000000001c004f60       0x38 1c102_Interrupt.o
                0x000000001c004f60                TIMER_HANDLER
 .text.main     0x000000001c004f98      0x3c0 1c102_main.o
                0x000000001c004f98                main
 .text.OLED_WR_Byte
                0x000000001c005358       0x6c oled.o
                0x000000001c005358                OLED_WR_Byte
 .text.OLED_GPIO_Init
                0x000000001c0053c4       0x64 oled.o
                0x000000001c0053c4                OLED_GPIO_Init
 .text.OLED_Reset
                0x000000001c005428       0x48 oled.o
                0x000000001c005428                OLED_Reset
 .text.OLED_Init
                0x000000001c005470      0x158 oled.o
                0x000000001c005470                OLED_Init
 .text.OLED_Clear
                0x000000001c0055c8       0x9c oled.o
                0x000000001c0055c8                OLED_Clear
 .text.OLED_Set_Pos
                0x000000001c005664       0xa8 oled.o
                0x000000001c005664                OLED_Set_Pos
 .text.OLED_ShowChar
                0x000000001c00570c      0x154 oled.o
                0x000000001c00570c                OLED_ShowChar
 .text.OLED_ShowString
                0x000000001c005860       0xe0 oled.o
                0x000000001c005860                OLED_ShowString
 .text.oled_pow
                0x000000001c005940       0x60 oled.o
                0x000000001c005940                oled_pow
 .text.OLED_ShowNum
                0x000000001c0059a0      0x178 oled.o
                0x000000001c0059a0                OLED_ShowNum
 .text.Queue_Init
                0x000000001c005b18       0x4c queue.o
                0x000000001c005b18                Queue_Init
 .text.Queue_isEmpty
                0x000000001c005b64       0x50 queue.o
                0x000000001c005b64                Queue_isEmpty
 .text.Queue_HadUse
                0x000000001c005bb4       0x64 queue.o
                0x000000001c005bb4                Queue_HadUse
 .text.Queue_NoUse
                0x000000001c005c18       0x6c queue.o
                0x000000001c005c18                Queue_NoUse
 .text.Queue_Wirte
                0x000000001c005c84       0xdc queue.o
                0x000000001c005c84                Queue_Wirte
 .text.Queue_Read
                0x000000001c005d60       0xdc queue.o
                0x000000001c005d60                Queue_Read
 .text.USART0SendByte
                0x000000001c005e3c       0x44 uart0.o
                0x000000001c005e3c                USART0SendByte
 .text.USART0GetByte
                0x000000001c005e80       0x60 uart0.o
                0x000000001c005e80                USART0GetByte
 .text.USART0Test
                0x000000001c005ee0       0x90 uart0.o
                0x000000001c005ee0                USART0Test
 .text.USART0TX
                0x000000001c005f70       0x7c uart0.o
                0x000000001c005f70                USART0TX
 .text.calccrc  0x000000001c005fec       0xc0 IM1281B.o
                0x000000001c005fec                calccrc
 .text.chkcrc   0x000000001c0060ac       0xac IM1281B.o
                0x000000001c0060ac                chkcrc
 .text.read_data
                0x000000001c006158      0x13c IM1281B.o
                0x000000001c006158                read_data
 .text.Analysis_data
                0x000000001c006294      0x20c IM1281B.o
                0x000000001c006294                Analysis_data
 .text.wifi_null
                0x000000001c0064a0       0x78 IM1281B.o
                0x000000001c0064a0                wifi_null
 .text.SR501_Init
                0x000000001c006518       0x30 SR501.o
                0x000000001c006518                SR501_Init
 .text.SR501_GetValue
                0x000000001c006548       0x38 SR501.o
                0x000000001c006548                SR501_GetValue
 .text.MD0_Config
                0x000000001c006580       0x30 lora.o
                0x000000001c006580                MD0_Config
 .text.AUX_Config
                0x000000001c0065b0       0x30 lora.o
                0x000000001c0065b0                AUX_Config
 .text.MD0      0x000000001c0065e0       0x4c lora.o
                0x000000001c0065e0                MD0
 .text.AUX      0x000000001c00662c       0x48 lora.o
                0x000000001c00662c                AUX
 .text.lora_check
                0x000000001c006674       0x98 lora.o
                0x000000001c006674                lora_check
 .text.lora_set
                0x000000001c00670c      0x838 lora.o
                0x000000001c00670c                lora_set
 .text.lora_transmit
                0x000000001c006f44       0x84 lora.o
                0x000000001c006f44                lora_transmit
 .text.LORA_Init
                0x000000001c006fc8       0x34 lora.o
                0x000000001c006fc8                LORA_Init
                0x000000001c006ffc                . = ALIGN (0x4)
                0x000000001c006ffc                _etext = .

.rodata         0x000000001c007000     0x13f0
                0x000000001c007000                . = ALIGN (0x4)
 *(.rodata .rodata.*)
 .rodata        0x000000001c007000       0x1a serial.o
                0x000000001c007000                msg_wakeup
 *fill*         0x000000001c00701a        0x2 
 .rodata        0x000000001c00701c       0x38 init.o
 .rodata.myprintf
                0x000000001c007054      0x150 ls1x_printf.o
 .rodata.vsprintf
                0x000000001c0071a4      0x150 ls1x_printf.o
 .rodata        0x000000001c0072f4      0x387 ls1x_logo.o
 *fill*         0x000000001c00767b        0x1 
 .rodata        0x000000001c00767c       0x8d ls1c102_touch.o
 *fill*         0x000000001c007709        0x3 
 .rodata        0x000000001c00770c       0xaf 1c102_Interrupt.o
 *fill*         0x000000001c0077bb        0x1 
 .rodata.Ext_IrqHandle
                0x000000001c0077bc       0x80 1c102_Interrupt.o
                0x000000001c0077bc                Ext_IrqHandle
 .rodata.BAT_FAIL
                0x000000001c00783c       0x44 1c102_Interrupt.o
 .rodata.__FUNCTION__.1657
                0x000000001c007880       0x18 1c102_Interrupt.o
 .rodata.__FUNCTION__.1661
                0x000000001c007898       0x18 1c102_Interrupt.o
 .rodata.__FUNCTION__.1665
                0x000000001c0078b0       0x18 1c102_Interrupt.o
 .rodata.__FUNCTION__.1669
                0x000000001c0078c8       0x18 1c102_Interrupt.o
 .rodata.__FUNCTION__.1673
                0x000000001c0078e0       0x18 1c102_Interrupt.o
 .rodata.__FUNCTION__.1677
                0x000000001c0078f8       0x18 1c102_Interrupt.o
 .rodata.__FUNCTION__.1681
                0x000000001c007910       0x18 1c102_Interrupt.o
 .rodata.__FUNCTION__.1685
                0x000000001c007928       0x18 1c102_Interrupt.o
 .rodata.__FUNCTION__.1689
                0x000000001c007940       0x18 1c102_Interrupt.o
 .rodata.__FUNCTION__.1693
                0x000000001c007958       0x18 1c102_Interrupt.o
 .rodata.__FUNCTION__.1697
                0x000000001c007970       0x18 1c102_Interrupt.o
 .rodata.__FUNCTION__.1701
                0x000000001c007988       0x18 1c102_Interrupt.o
 .rodata.__FUNCTION__.1705
                0x000000001c0079a0       0x18 1c102_Interrupt.o
 .rodata.__FUNCTION__.1709
                0x000000001c0079b8       0x18 1c102_Interrupt.o
 .rodata.__FUNCTION__.1713
                0x000000001c0079d0       0x18 1c102_Interrupt.o
 .rodata.__FUNCTION__.1717
                0x000000001c0079e8       0x18 1c102_Interrupt.o
 .rodata.__FUNCTION__.1721
                0x000000001c007a00       0x18 1c102_Interrupt.o
 .rodata.__FUNCTION__.1725
                0x000000001c007a18       0x18 1c102_Interrupt.o
 .rodata.__FUNCTION__.1729
                0x000000001c007a30       0x18 1c102_Interrupt.o
 .rodata.__FUNCTION__.1733
                0x000000001c007a48       0x18 1c102_Interrupt.o
 .rodata.__FUNCTION__.1737
                0x000000001c007a60       0x18 1c102_Interrupt.o
 .rodata.__FUNCTION__.1741
                0x000000001c007a78       0x18 1c102_Interrupt.o
 .rodata.__FUNCTION__.1745
                0x000000001c007a90       0x18 1c102_Interrupt.o
 .rodata.__FUNCTION__.1749
                0x000000001c007aa8       0x18 1c102_Interrupt.o
 .rodata.__FUNCTION__.1753
                0x000000001c007ac0       0x18 1c102_Interrupt.o
 .rodata.__FUNCTION__.1757
                0x000000001c007ad8       0x18 1c102_Interrupt.o
 .rodata.__FUNCTION__.1761
                0x000000001c007af0       0x18 1c102_Interrupt.o
 .rodata.__FUNCTION__.1765
                0x000000001c007b08       0x18 1c102_Interrupt.o
 .rodata.__FUNCTION__.1769
                0x000000001c007b20       0x18 1c102_Interrupt.o
 .rodata.__FUNCTION__.1773
                0x000000001c007b38       0x18 1c102_Interrupt.o
 .rodata.__FUNCTION__.1777
                0x000000001c007b50       0x18 1c102_Interrupt.o
 .rodata.__FUNCTION__.1781
                0x000000001c007b68       0x18 1c102_Interrupt.o
 .rodata        0x000000001c007b80       0x5f 1c102_main.o
 *fill*         0x000000001c007bdf        0x1 
 .rodata.Front_16x8Tab
                0x000000001c007be0      0x5e0 oled.o
                0x000000001c007be0                Front_16x8Tab
 .rodata        0x000000001c0081c0      0x22d lora.o
                0x000000001c0083f0                . = ALIGN (0x4)
 *fill*         0x000000001c0083ed        0x3 
                0x000000001c0083f0                _sidata = ALIGN (., 0x4)
                0x000000001c0083f0                . = ALIGN (0x4)

.rela.dyn       0x000000001c0083f0        0x0
 .rela.got      0x000000001c0083f0        0x0 start.o
 .rela.rodata.myprintf
                0x000000001c0083f0        0x0 start.o
 .rela.rodata.vsprintf
                0x000000001c0083f0        0x0 start.o
 .rela.rodata.Ext_IrqHandle
                0x000000001c0083f0        0x0 start.o
 .rela.rodata.BAT_FAIL
                0x000000001c0083f0        0x0 start.o

.data           0x0000000080001000       0x44 load address 0x000000001c0083f0
                0x0000000080001000                _sdata = .
                0x0000000080001000                . = ALIGN (0x4)
 *(.got.plt)
 .got.plt       0x0000000080001000        0x0 start.o
                0x0000000080001000                . = ALIGN (0x4)
 *(.got)
 .got           0x0000000080001000       0x34 start.o
                0x0000000080001000                _GLOBAL_OFFSET_TABLE_
                0x0000000080001034                . = ALIGN (0x4)
 *(.data .data.*)
 .data.g_SystemFreq
                0x0000000080001034        0x4 ls1x_clock.o
                0x0000000080001034                g_SystemFreq
 .data.read_enable
                0x0000000080001038        0x4 1c102_main.o
                0x0000000080001038                read_enable
 .data.Read_ID  0x000000008000103c        0x1 IM1281B.o
                0x000000008000103c                Read_ID
 *fill*         0x000000008000103d        0x3 
 .data.i        0x0000000080001040        0x4 IM1281B.o
                0x0000000080001040                i
                0x0000000080001044                . = ALIGN (0x4)
                0x0000000080001044                _edata = .

.bss            0x0000000080000000      0x614
                0x0000000080000000                _sbss = .
                0x0000000080000000                . = ALIGN (0x4)
 *(.sbss)
                0x0000000080000000                . = ALIGN (0x4)
 *(.bss .bss.*)
 .bss.receive_index
                0x0000000080000000        0x1 1c102_Interrupt.o
                0x0000000080000000                receive_index
 *fill*         0x0000000080000001        0x3 
 .bss.receive_Data.1834
                0x0000000080000004        0x1 1c102_Interrupt.o
 *fill*         0x0000000080000005        0x3 
 .bss.receive_Data1.1835
                0x0000000080000008        0x1 1c102_Interrupt.o
 *fill*         0x0000000080000009        0x3 
 .bss.flagclear
                0x000000008000000c        0x4 1c102_main.o
                0x000000008000000c                flagclear
 .bss.j         0x0000000080000010        0x4 IM1281B.o
                0x0000000080000010                j
 .bss.reveive_numbe
                0x0000000080000014        0x4 IM1281B.o
                0x0000000080000014                reveive_numbe
                0x0000000080000018                . = ALIGN (0x4)
 *(.scommon)
                0x0000000080000018                . = ALIGN (0x4)
 *(COMMON)
 COMMON         0x0000000080000018      0x1b4 1c102_main.o
                0x0000000080000018                lora_tx_data
                0x000000008000007c                Read_length
                0x0000000080000080                va
                0x0000000080000084                myData
                0x000000008000009c                sensor
                0x00000000800000a0                Read_Buffer
 COMMON         0x00000000800001cc      0x260 queue.o
                0x00000000800001cc                Circular_queue_UART1
                0x00000000800002fc                Circular_queue
 COMMON         0x000000008000042c      0x1e8 IM1281B.o
                0x000000008000042c                Tx_Buffer1
                0x0000000080000434                Rx_Buffer
                0x000000008000045c                Rx_Buffer1
                0x0000000080000484                USART1_RX_BUF
                0x000000008000054c                USART1_TX_BUF
                0x0000000080000614                . = ALIGN (0x4)
                0x0000000080000614                _ebss = .
LOAD start.o
LOAD serial.o
LOAD wakeup.o
LOAD UserGpio.o
LOAD init.o
LOAD ls1x_gpio.o
LOAD ls1x_spi.o
LOAD ls1x_printf.o
LOAD ls1x_uart.o
LOAD ls1x_clock.o
LOAD ls1x_common.o
LOAD ls1x_pmu.o
LOAD ls1x_logo.o
LOAD ls1x_latimer.o
LOAD ls1x_string.o
LOAD ls1x_flash.o
LOAD ls1x_rtc.o
LOAD ls1x_exti.o
LOAD ls1x_wdg.o
LOAD ls1c102_i2c.o
LOAD ls1c102_vpwm.o
LOAD ls1c102_adc.o
LOAD ls1c102_touch.o
LOAD ls1c102_ptimer.o
LOAD 1c102_cmdline.o
LOAD 1c102_cmd.o
LOAD 1c102_Interrupt.o
LOAD 1c102_main.o
LOAD oled.o
LOAD queue.o
LOAD uart0.o
LOAD IM1281B.o
LOAD SR501.o
LOAD lora.o
OUTPUT(1c102_demo.elf elf32-loongarch)

.comment        0x0000000000000000       0x11
 .comment       0x0000000000000000       0x11 UserGpio.o
                                         0x12 (size before relaxing)
 .comment       0x0000000000000011       0x12 init.o
 .comment       0x0000000000000011       0x12 ls1x_gpio.o
 .comment       0x0000000000000011       0x12 ls1x_spi.o
 .comment       0x0000000000000011       0x12 ls1x_printf.o
 .comment       0x0000000000000011       0x12 ls1x_uart.o
 .comment       0x0000000000000011       0x12 ls1x_clock.o
 .comment       0x0000000000000011       0x12 ls1x_common.o
 .comment       0x0000000000000011       0x12 ls1x_pmu.o
 .comment       0x0000000000000011       0x12 ls1x_logo.o
 .comment       0x0000000000000011       0x12 ls1x_latimer.o
 .comment       0x0000000000000011       0x12 ls1x_string.o
 .comment       0x0000000000000011       0x12 ls1x_exti.o
 .comment       0x0000000000000011       0x12 ls1x_wdg.o
 .comment       0x0000000000000011       0x12 ls1c102_touch.o
 .comment       0x0000000000000011       0x12 ls1c102_ptimer.o
 .comment       0x0000000000000011       0x12 1c102_Interrupt.o
 .comment       0x0000000000000011       0x12 1c102_main.o
 .comment       0x0000000000000011       0x12 oled.o
 .comment       0x0000000000000011       0x12 queue.o
 .comment       0x0000000000000011       0x12 uart0.o
 .comment       0x0000000000000011       0x12 IM1281B.o
 .comment       0x0000000000000011       0x12 SR501.o
 .comment       0x0000000000000011       0x12 lora.o
